1, A, true, 1.0
1, A, true, 2.0
1, A, true, 3.0
1, A, false, 1.0
1, A, false, 2.0
1, A, false, 3.0
1, B, true, 1.0
1, B, true, 2.0
1, B, true, 3.0
1, B, false, 1.0
1, B, false, 2.0
1, B, false, 3.0
1, C, true, 1.0
1, C, true, 2.0
1, C, true, 3.0
1, C, false, 1.0
1, C, false, 2.0
1, C, false, 3.0
1, D, true, 1.0
1, D, true, 2.0
1, D, true, 3.0
1, D, false, 1.0
1, D, false, 2.0
1, D, false, 3.0
2, A, true, 1.0
2, A, true, 2.0
2, A, true, 3.0
2, A, false, 1.0
2, A, false, 2.0
2, A, false, 3.0
2, B, true, 1.0
2, B, true, 2.0
2, B, true, 3.0
2, B, false, 1.0
2, B, false, 2.0
2, B, false, 3.0
2, C, true, 1.0
2, C, true, 2.0
2, C, true, 3.0
2, C, false, 1.0
2, C, false, 2.0
2, C, false, 3.0
2, D, true, 1.0
2, D, true, 2.0
2, D, true, 3.0
2, D, false, 1.0
2, D, false, 2.0
2, D, false, 3.0
3, A, true, 1.0
3, A, true, 2.0
3, A, true, 3.0
3, A, false, 1.0
3, A, false, 2.0
3, A, false, 3.0
3, B, true, 1.0
3, B, true, 2.0
3, B, true, 3.0
3, B, false, 1.0
3, B, false, 2.0
3, B, false, 3.0
3, C, true, 1.0
3, C, true, 2.0
3, C, true, 3.0
3, C, false, 1.0
3, C, false, 2.0
3, C, false, 3.0
3, D, true, 1.0
3, D, true, 2.0
3, D, true, 3.0
3, D, false, 1.0
3, D, false, 2.0
3, D, false, 3.0
4, A, true, 1.0
4, A, true, 2.0
4, A, true, 3.0
4, A, false, 1.0
4, A, false, 2.0
4, A, false, 3.0
4, B, true, 1.0
4, B, true, 2.0
4, B, true, 3.0
4, B, false, 1.0
4, B, false, 2.0
4, B, false, 3.0
4, C, true, 1.0
4, C, true, 2.0
4, C, true, 3.0
4, C, false, 1.0
4, C, false, 2.0
4, C, false, 3.0
4, D, true, 1.0
4, D, true, 2.0
4, D, true, 3.0
4, D, false, 1.0
4, D, false, 2.0
4, D, false, 3.0
